<?xml version="1.0" encoding="utf-8"?><testsuites><testsuite name="pytest" errors="0" failures="0" skipped="1" tests="68" time="42.984" timestamp="2024-11-19T18:02:19.275702-05:00" hostname="LAPTOP-M94QQD4G"><testcase classname="src.data_pipeline.test.test_filter_links" name="test_load_links_by_depth" time="0.016" /><testcase classname="src.data_pipeline.test.test_filter_links" name="test_get_unique_links" time="0.001" /><testcase classname="src.data_pipeline.test.test_filter_links" name="test_normalize_urls" time="0.001" /><testcase classname="src.data_pipeline.test.test_filter_links" name="test_filter_urls" time="0.001" /><testcase classname="src.data_pipeline.test.test_filter_links" name="test_save_urls" time="0.011" /><testcase classname="src.rag_pipeline.tests.chat_utils_test.test_other_chat_utils" name="test_manage_chat_session_end_request" time="0.001" /><testcase classname="src.rag_pipeline.tests.chat_utils_test.test_other_chat_utils" name="test_manage_chat_session_token_limit_exceeded" time="0.001" /><testcase classname="src.rag_pipeline.tests.chat_utils_test.test_other_chat_utils" name="test_manage_chat_session_continue" time="0.001" /><testcase classname="src.rag_pipeline.tests.chat_utils_test.test_other_chat_utils" name="test_history_estimate_tokens_from_words_single_string" time="0.001" /><testcase classname="src.rag_pipeline.tests.chat_utils_test.test_other_chat_utils" name="test_history_estimate_tokens_from_words_list" time="0.001" /><testcase classname="src.rag_pipeline.tests.chat_utils_test.test_other_chat_utils" name="test_add_context_to_query" time="0.001" /><testcase classname="src.rag_pipeline.tests.chat_utils_test.test_other_chat_utils" name="test_parse_and_validate_llm_response_valid" time="0.001" /><testcase classname="src.rag_pipeline.tests.chat_utils_test.test_other_chat_utils" name="test_parse_and_validate_llm_response_invalid_json" time="0.001" /><testcase classname="src.rag_pipeline.tests.chat_utils_test.test_other_chat_utils" name="test_parse_and_validate_llm_response_missing_keys" time="0.001" /><testcase classname="src.rag_pipeline.tests.chat_utils_test.test_other_chat_utils" name="test_get_fallback_response" time="0.001" /><testcase classname="src.rag_pipeline.tests.config_utils_test.test_config" name="test_validate_json_valid" time="0.005" /><testcase classname="src.rag_pipeline.tests.config_utils_test.test_config" name="test_validate_json_invalid_format" time="0.009" /><testcase classname="src.rag_pipeline.tests.config_utils_test.test_config" name="test_validate_json_missing_file" time="0.001" /><testcase classname="src.rag_pipeline.tests.config_utils_test.test_config" name="test_validate_json_missing_texts_key" time="0.006" /><testcase classname="src.rag_pipeline.tests.config_utils_test.test_config" name="test_validate_json_invalid_text_structure" time="0.011" /><testcase classname="src.rag_pipeline.tests.config_utils_test.test_config" name="test_load_config_valid" time="0.005" /><testcase classname="src.rag_pipeline.tests.config_utils_test.test_config" name="test_load_config_missing_file" time="0.001" /><testcase classname="src.rag_pipeline.tests.config_utils_test.test_config" name="test_get_configuration_with_file_and_args" time="0.002" /><testcase classname="src.rag_pipeline.tests.embedding_utils_test.test_embedding" name="test_initialize_vertex_ai_valid" time="0.001" /><testcase classname="src.rag_pipeline.tests.embedding_utils_test.test_embedding" name="test_get_dense_embedding_valid" time="0.004" /><testcase classname="src.rag_pipeline.tests.embedding_utils_test.test_embedding" name="test_get_dense_embedding_invalid_model" time="0.001" /><testcase classname="src.rag_pipeline.tests.llm_utils_test.test_llm_utils" name="test_get_prompts_empty_files" time="0.145" /><testcase classname="src.rag_pipeline.tests.llm_utils_test.test_llm_utils" name="test_create_final_prompt_valid_input" time="0.001" /><testcase classname="src.rag_pipeline.tests.llm_utils_test.test_llm_utils" name="test_create_final_prompt_empty_chat_history" time="0.001" /><testcase classname="src.rag_pipeline.tests.llm_utils_test.test_llm_utils" name="test_create_final_prompt_empty_knowledge_documents" time="0.001" /><testcase classname="src.rag_pipeline.tests.llm_utils_test.test_llm_utils" name="test_create_final_prompt_missing_prompt_key" time="0.001" /><testcase classname="src.rag_pipeline.tests.qdrant_utils_test.test_qdrant" name="test_initialize_qdrant_client" time="0.006" /><testcase classname="src.rag_pipeline.tests.qdrant_utils_test.test_qdrant" name="test_qdrant_search" time="0.002" /><testcase classname="src.vector_database.tests.test_chunker_splitters" name="test_run_chunking_simple_method" time="0.001" /><testcase classname="src.vector_database.tests.test_chunker_splitters" name="test_run_chunking_semantic_method_missing_embedding" time="0.001" /><testcase classname="src.vector_database.tests.test_chunker_splitters" name="test_run_chunking_invalid_method" time="0.001" /><testcase classname="src.vector_database.tests.test_chunker_splitters" name="test_simple_chunker_valid_input" time="0.001" /><testcase classname="src.vector_database.tests.test_chunker_splitters" name="test_simple_chunker_empty_input" time="0.001" /><testcase classname="src.vector_database.tests.test_chunker_splitters" name="test_simple_chunker_large_chunk_size_with_overlap" time="0.001" /><testcase classname="src.vector_database.tests.test_chunker_splitters" name="test_simple_chunker_many_chunks" time="0.001" /><testcase classname="src.vector_database.tests.test_chunker_splitters" name="test_combine_sentences_no_buffer" time="0.001" /><testcase classname="src.vector_database.tests.test_chunker_splitters" name="test_combine_sentences_with_buffer" time="0.001" /><testcase classname="src.vector_database.tests.test_chunker_splitters" name="test_combine_sentences_large_buffer" time="0.001" /><testcase classname="src.vector_database.tests.test_chunker_splitters" name="test_calculate_cosine_distances_empty" time="0.001" /><testcase classname="src.vector_database.tests.test_chunker_splitters" name="test_calculate_cosine_distances_single_sentence" time="0.001" /><testcase classname="src.vector_database.tests.test_chunker_splitters" name="test_semantic_chunker_class" time="0.000"><skipped type="pytest.skip" message="SemanticChunker requires external embedding function.">C:\Users\artem\Documents\GitHub\AC215_CS-CrimsonChat\src\vector_database\tests\test_chunker_splitters.py:313: SemanticChunker requires external embedding function.</skipped></testcase><testcase classname="src.vector_database.tests.test_config_parse" name="test_load_config_valid_file" time="0.003" /><testcase classname="src.vector_database.tests.test_config_parse" name="test_load_config_empty_file" time="0.003" /><testcase classname="src.vector_database.tests.test_config_parse" name="test_load_config_malformed_line" time="0.003" /><testcase classname="src.vector_database.tests.test_config_parse" name="test_load_config_file_not_found" time="0.001" /><testcase classname="src.vector_database.tests.test_config_parse" name="test_get_configuration_with_file_and_args" time="0.002" /><testcase classname="src.vector_database.tests.test_config_parse" name="test_get_configuration_defaults_only" time="0.001" /><testcase classname="src.vector_database.tests.test_embedding_vertex" name="test_initialize_vertex_ai_valid" time="0.002" /><testcase classname="src.vector_database.tests.test_embedding_vertex" name="test_get_dense_embedding_valid" time="0.002" /><testcase classname="src.vector_database.tests.test_embedding_vertex" name="test_get_dense_embedding_invalid_model" time="0.002" /><testcase classname="src.vector_database.tests.test_embedding_vertex" name="test_process_and_embed_documents_valid" time="0.002" /><testcase classname="src.vector_database.tests.test_embedding_vertex" name="test_process_and_embed_documents_empty_embedding" time="0.002" /><testcase classname="src.vector_database.tests.test_json_bucket" name="test_load_and_validate_json_from_bucket_valid" time="0.003" /><testcase classname="src.vector_database.tests.test_json_bucket" name="test_load_and_validate_json_from_bucket_blob_not_found" time="0.002" /><testcase classname="src.vector_database.tests.test_json_bucket" name="test_load_and_validate_json_from_bucket_invalid_json" time="0.005" /><testcase classname="src.vector_database.tests.test_json_bucket" name="test_load_and_validate_json_from_bucket_missing_metadata_fields" time="0.003" /><testcase classname="src.vector_database.tests.test_json_bucket" name="test_load_and_validate_json_from_bucket_invalid_date_format" time="0.003" /><testcase classname="src.vector_database.tests.test_json_bucket" name="test_load_all_documents_in_json_default_path" time="0.002" /><testcase classname="src.vector_database.tests.test_json_bucket" name="test_load_all_documents_in_json_custom_path" time="0.002" /><testcase classname="src.vector_database.tests.test_qdrant_upsert" name="test_ensure_collection_exists_collection_does_not_exist" time="0.002" /><testcase classname="src.vector_database.tests.test_qdrant_upsert" name="test_ensure_collection_exists_collection_exists" time="0.002" /><testcase classname="src.vector_database.tests.test_qdrant_upsert" name="test_qdrant_transform_and_upsert" time="0.003" /><testcase classname="src.vector_database.tests.test_qdrant_upsert" name="test_qdrant_transform_and_upsert_no_embeddings" time="0.002" /></testsuite></testsuites>